// Jest Snapshot v1, https://goo.gl/fbAQLP

exports[`About component... matches snapshot DOM node structure 1`] = `
<DocumentFragment>
  <section
    class="my-5"
  >
    <h1
      id="about"
    >
      Who am I?
    </h1>
    <img
      alt="who am I"
      class="my-2"
      src="cover-image.jpg"
      style="width: 100%;"
    />
    <p>
      A little primer on my life and work
    </p>
  </section>
</DocumentFragment>
`;
